// Jest Snapshot v1, https://goo.gl/fbAQLP

exports[`Pokemon Card component should render a pokemon card with info 1`] = `[Function]`;
