// Jest Snapshot v1, https://goo.gl/fbAQLP

exports[`Pokemon detail component should render a pokemon's details 1`] = `[Function]`;
